../Drivers/CMSIS/Include/core_cm3.h:1762:34:__NVIC_SystemReset	4	static,ignoring_inline_asm
../Core/Src/relay_node.c:12:17:readAssignedIDFromFlash	16	static
../Core/Src/relay_node.c:18:17:readMasterIDFromFlash	16	static
../Core/Src/relay_node.c:24:16:readRoomIDFromFlash	16	static
../Core/Src/relay_node.c:30:26:saveAssignedIDToFlash	72	static
../Core/Src/relay_node.c:60:6:Debug_Init	16	static
../Core/Src/relay_node.c:71:6:Debug_Printf	280	static
../Core/Src/relay_node.c:86:6:Debug_PrintNodeInfo	16	static
../Core/Src/relay_node.c:120:10:RelayNode_GetUniqueID	24	static
../Core/Src/relay_node.c:135:13:CAN_SendMessage	72	static
../Core/Src/relay_node.c:205:6:RelayNode_SetRelay	24	static
../Core/Src/relay_node.c:217:6:RelayNode_SetAllRelays	24	static
../Core/Src/relay_node.c:227:13:ResetAndRequestID	32	static
../Core/Src/relay_node.c:255:13:ProcessMasterHeartbeat	24	static
../Core/Src/relay_node.c:292:13:CheckMasterTimeout	16	static
../Core/Src/relay_node.c:308:6:RelayNode_Init	32	static
../Core/Src/relay_node.c:346:6:RelayNode_RequestID	16	static
../Core/Src/relay_node.c:369:13:SendIDConfirmation	24	static
../Core/Src/relay_node.c:408:6:RelayNode_SendHeartbeat	24	static
../Core/Src/relay_node.c:445:6:RelayNode_ProcessCANMessage	64	static
../Core/Src/relay_node.c:679:6:RelayNode_Process	56	static
../Core/Src/relay_node.c:759:6:RelayNode_EraseMemory	32	static
