../Core/Src/stm32f1xx_it.c:50:6:NMI_Handler	4	static
../Core/Src/stm32f1xx_it.c:65:6:HardFault_Handler	4	static
../Core/Src/stm32f1xx_it.c:80:6:MemManage_Handler	4	static
../Core/Src/stm32f1xx_it.c:95:6:BusFault_Handler	4	static
../Core/Src/stm32f1xx_it.c:110:6:UsageFault_Handler	4	static
../Core/Src/stm32f1xx_it.c:125:6:SVC_Handler	4	static
../Core/Src/stm32f1xx_it.c:138:6:DebugMon_Handler	4	static
../Core/Src/stm32f1xx_it.c:151:6:PendSV_Handler	4	static
../Core/Src/stm32f1xx_it.c:164:6:SysTick_Handler	8	static
../Core/Src/stm32f1xx_it.c:185:6:TIM2_IRQHandler	8	static
../Core/Src/stm32f1xx_it.c:201:6:HAL_TIM_PeriodElapsedCallback	16	static
../Core/Src/stm32f1xx_it.c:211:6:CAN1_RX0_IRQHandler	8	static
