../Core/Src/usrCan.c:46:6:initNodeID	296	static
../Core/Src/usrCan.c:121:10:generateUniqueNodeID	16	static
../Core/Src/usrCan.c:127:13:checkCANStatus	320	static
../Core/Src/usrCan.c:189:13:attemptCANRecovery	272	static
../Core/Src/usrCan.c:222:6:readCanStart	72	static
../Core/Src/usrCan.c:268:13:handleMasterHeartbeat	160	static
../Core/Src/usrCan.c:309:13:checkMasterTimeout	280	static
../Core/Src/usrCan.c:339:13:handleDynamicIDProtocol	160	static
../Core/Src/usrCan.c:388:13:processIDAssignment	328	static
../Core/Src/usrCan.c:544:13:requestNodeID	144	static
../Core/Src/usrCan.c:566:13:sendHeartbeat	152	static
../Core/Src/usrCan.c:594:6:canDynamicIDTask	144	static
../Core/Src/usrCan.c:674:6:sendCanMessage	360	static
../Core/Src/usrCan.c:749:6:sendCanHeader	32	static
../Core/Src/usrCan.c:761:13:parseIncomingValue	168	static
../Core/Src/usrCan.c:814:17:readMasterIDFromFlash	16	static
../Core/Src/usrCan.c:827:17:readAssignedIDFromFlash	16	static
../Core/Src/usrCan.c:840:16:readRoomIDFromFlash	16	static
../Core/Src/usrCan.c:853:26:saveAssignedIDToFlash	360	static
../Core/Src/usrCan.c:936:13:eraseIDAndRestartAssignment	288	static
